// Jest Snapshot v1, https://goo.gl/fbAQLP

exports[`Component: ResetPassword Display ResetPassword 1`] = `
<div
  className="App-light"
>
  <div
    className="container-fluid"
  >
    <div
      className="row"
    >
      <div
        className="col-xs-12 col-sm-10 col-md-8 col-lg-6 col-sm-offset-1 col-md-offset-2 col-lg-offset-3"
      >
        <div
          className="App-header"
        >
          <h1
            className="App-title-form"
          >
            <span
              className="glyphicon glyphicon-fire"
            />
             Yummy Recipes
          </h1>
        </div>
        <div
          className="panel panel-primary"
        >
          <div
            className="panel-heading text-center"
          >
            Reset Password
          </div>
          <div
            className="panel-body"
          >
            <form
              onSubmit={[Function]}
            >
              <p
                className="error"
                id="error"
              />
              <div
                className="form-group"
              >
                <input
                  className="form-control"
                  maxLength="100"
                  name="email"
                  onChange={[Function]}
                  placeholder="Email address"
                  type="text"
                  value=""
                />
                <p
                  className="text-left error"
                  id="emailError"
                />
              </div>
              <div
                className="form-group"
              >
                <button
                  className="btn btn-primary btn-block"
                  type="submit"
                >
                  Submit
                </button>
              </div>
            </form>
          </div>
        </div>
      </div>
    </div>
    <footer
      className="App-footer-static"
    >
      <p
        className="App-copyright"
      >
        Â© 2018 Yummy Recipes LLC
      </p>
    </footer>
  </div>
</div>
`;
