// Jest Snapshot v1, https://goo.gl/fbAQLP

exports[`Recipes Component renders without crashing 1`] = `
<div
  className="App-light"
>
  <Header />
  <div
    className="container"
  >
    <div
      className="row"
    >
      <div
        className="col-xs-12"
      >
        <h1
          className="App-page-title"
        >
           Recipes
        </h1>
      </div>
    </div>
    <p
      className="error"
    />
    <form
      onSubmit={[Function]}
    >
      <div
        className="row"
      >
        <div
          className="col-xs-12 col-md-4"
        >
          <a
            className="btn btn-primary btn-block App-btn-add"
            href="/recipe/1/add"
            role="button"
          >
            <span
              className="glyphicon glyphicon-edit"
            />
             ADD RECIPE
          </a>
        </div>
        <div
          className="col-xs-8 col-md-6"
        >
          <div
            className="form-group"
          >
            <input
              className="form-control search-input"
              maxLength="50"
              name="q"
              onChange={[Function]}
              placeholder="Search recipes..."
              type="text"
              value=""
            />
          </div>
        </div>
        <div
          className="col-xs-4 col-md-2"
        >
          <button
            className="btn btn-default btn-block search-button"
            type="submit"
          >
            SEARCH
          </button>
        </div>
      </div>
    </form>
    <div
      className="row"
    >
      <div
        className="col-xs-12 col-md-8 col-lg-6 col-md-offset-2 col-lg-offset-3"
      >
        <p>
          <strong>
            Sorry, no recipes found.
          </strong>
        </p>
      </div>
    </div>
    <div
      className="row"
    >
      <div
        className="col-xs-4 text-left"
      >
        <form />
      </div>
      <div
        className="col-xs-4 text-center"
      >
        <p>
          Page 
           of 
        </p>
      </div>
      <div
        className="col-xs-4 text-right"
      >
        <form />
      </div>
    </div>
  </div>
  <Footer />
</div>
`;
